============================= test session starts =============================
platform win32 -- Python 3.11.8, pytest-8.4.2, pluggy-1.6.0
rootdir: C:\Users\dogma\Projects\MAMcrawler
configfile: pytest.ini
plugins: asyncio-1.2.0, cov-7.0.0, mock-3.15.1, respx-0.22.0, anyio-4.10.0, langsmith-0.4.43
asyncio: mode=Mode.STRICT, debug=False, asyncio_default_fixture_loop_scope=None, asyncio_default_test_loop_scope=function
collected 0 items / 1 error

=================================== ERRORS ====================================
__________________ ERROR collecting tests/test_api_health.py __________________
ImportError while importing test module 'C:\Users\dogma\Projects\MAMcrawler\tests\test_api_health.py'.
Hint: make sure your test modules/packages have valid Python names.
Traceback:
C:\Program Files\Python311\Lib\importlib\__init__.py:126: in import_module
    return _bootstrap._gcd_import(name[level:], package, level)
           ^^^^^^^^^^^^^^^^^^^^^^^^^^^^^^^^^^^^^^^^^^^^^^^^^^^^
tests\test_api_health.py:10: in <module>
    from api_server import app
api_server.py:17: in <module>
    import csrf_middleware
E   ModuleNotFoundError: No module named 'csrf_middleware'
============================== warnings summary ===============================
config_schemas\app.py:37
  C:\Users\dogma\Projects\MAMcrawler\config_schemas\app.py:37: PydanticDeprecatedSince20: Pydantic V1 style `@validator` validators are deprecated. You should migrate to Pydantic V2 style `@field_validator` validators, see the migration guide for more details. Deprecated in Pydantic V2.0 to be removed in V3.0. See Pydantic V2 Migration Guide at https://errors.pydantic.dev/2.11/migration/
    @validator('version')

config_schemas\app.py:44
  C:\Users\dogma\Projects\MAMcrawler\config_schemas\app.py:44: PydanticDeprecatedSince20: Pydantic V1 style `@validator` validators are deprecated. You should migrate to Pydantic V2 style `@field_validator` validators, see the migration guide for more details. Deprecated in Pydantic V2.0 to be removed in V3.0. See Pydantic V2 Migration Guide at https://errors.pydantic.dev/2.11/migration/
    @validator('environment')

..\..\..\..\Program Files\Python311\Lib\site-packages\pydantic\_internal\_config.py:323
..\..\..\..\Program Files\Python311\Lib\site-packages\pydantic\_internal\_config.py:323
..\..\..\..\Program Files\Python311\Lib\site-packages\pydantic\_internal\_config.py:323
..\..\..\..\Program Files\Python311\Lib\site-packages\pydantic\_internal\_config.py:323
..\..\..\..\Program Files\Python311\Lib\site-packages\pydantic\_internal\_config.py:323
..\..\..\..\Program Files\Python311\Lib\site-packages\pydantic\_internal\_config.py:323
..\..\..\..\Program Files\Python311\Lib\site-packages\pydantic\_internal\_config.py:323
..\..\..\..\Program Files\Python311\Lib\site-packages\pydantic\_internal\_config.py:323
..\..\..\..\Program Files\Python311\Lib\site-packages\pydantic\_internal\_config.py:323
  C:\Program Files\Python311\Lib\site-packages\pydantic\_internal\_config.py:323: PydanticDeprecatedSince20: Support for class-based `config` is deprecated, use ConfigDict instead. Deprecated in Pydantic V2.0 to be removed in V3.0. See Pydantic V2 Migration Guide at https://errors.pydantic.dev/2.11/migration/
    warnings.warn(DEPRECATION_MESSAGE, DeprecationWarning)

config_schemas\database.py:35
  C:\Users\dogma\Projects\MAMcrawler\config_schemas\database.py:35: PydanticDeprecatedSince20: Pydantic V1 style `@validator` validators are deprecated. You should migrate to Pydantic V2 style `@field_validator` validators, see the migration guide for more details. Deprecated in Pydantic V2.0 to be removed in V3.0. See Pydantic V2 Migration Guide at https://errors.pydantic.dev/2.11/migration/
    @validator('postgresql')

config_schemas\api_endpoints.py:38
  C:\Users\dogma\Projects\MAMcrawler\config_schemas\api_endpoints.py:38: PydanticDeprecatedSince20: Pydantic V1 style `@validator` validators are deprecated. You should migrate to Pydantic V2 style `@field_validator` validators, see the migration guide for more details. Deprecated in Pydantic V2.0 to be removed in V3.0. See Pydantic V2 Migration Guide at https://errors.pydantic.dev/2.11/migration/
    @validator('audiobookshelf')

config_schemas\api_endpoints.py:46
  C:\Users\dogma\Projects\MAMcrawler\config_schemas\api_endpoints.py:46: PydanticDeprecatedSince20: Pydantic V1 style `@validator` validators are deprecated. You should migrate to Pydantic V2 style `@field_validator` validators, see the migration guide for more details. Deprecated in Pydantic V2.0 to be removed in V3.0. See Pydantic V2 Migration Guide at https://errors.pydantic.dev/2.11/migration/
    @validator('myanonamouse')

-- Docs: https://docs.pytest.org/en/stable/how-to/capture-warnings.html
=========================== short test summary info ===========================
ERROR tests/test_api_health.py
!!!!!!!!!!!!!!!!!!! Interrupted: 1 error during collection !!!!!!!!!!!!!!!!!!!!
======================== 14 warnings, 1 error in 1.64s ========================
